WARNING: unclocked_ro_mem.sv:28: $readmemh(init.mem): Not enough words in the file for the requested range [0:255].
VCD info: dumpfile simulation_results.vcd opened for output.
Starting system testbench...
(15) Execute Stage: PC = 00000000, Instruction = 00000000, Reg1 = 00000000, Reg2 = 00000000, Immediate = 00000000, Instruction String = unknown
(15) Memory Stage: PC = 00000000, Instruction = 00000000
(15) Writeback Stage: PC = 00000000, Instruction = 00000000
(15) Decode stage: pc=0x00000000, instr=0x00000000 (other)
(25) Writeback Stage: PC = 00000000, Instruction = 00000000
(25) Memory Stage: PC = 00000000, Instruction = 00000000
(25) Execute Stage: PC = 00000000, Instruction = 00000000, Reg1 = 000a0000, Reg2 = 000a0000, Immediate = 00000000, Instruction String = unknown
(25) Decode stage: pc=0x00000000, instr=0x003100b3 (R-type):  add x1, x2, x3
(35) Execute Stage: PC = 00000000, Instruction = 003100b3, Reg1 = 000a0002, Reg2 = 000a0003, Immediate = 00000000, Instruction String = add
(35) Memory Stage: PC = 00000000, Instruction = 00000000
(35) Writeback Stage: PC = 00000000, Instruction = 00000000
(35) Decode stage: pc=0x00000004, instr=0x00bf42b3 (R-type):  xor x5, x30, x11
(45) Writeback Stage: PC = 00000000, Instruction = 00000000
(45) Memory Stage: PC = 00000000, Instruction = 003100b3
(45) Execute Stage: PC = 00000004, Instruction = 00bf42b3, Reg1 = 000a001e, Reg2 = 000a000b, Immediate = 00000000, Instruction String = xor
(45) Decode stage: pc=0x00000008, instr=0x00d17213 (I-type ALU):  andi x4, x2, 13
(55) Execute Stage: PC = 00000008, Instruction = 00d17213, Reg1 = 000a0002, Reg2 = 000a000d, Immediate = 0000000d, Instruction String = andi
(55) Memory Stage: PC = 00000004, Instruction = 00bf42b3
(55) Writeback Stage: PC = 00000000, Instruction = 003100b3
(55) Decode stage: pc=0x0000000c, instr=0x00f4e493 (I-type ALU):  ori x9, x9, 15
(65) Writeback Stage: PC = 00000004, Instruction = 00bf42b3
(65) Memory Stage: PC = 00000008, Instruction = 00d17213
(65) Execute Stage: PC = 0000000c, Instruction = 00f4e493, Reg1 = 000a0009, Reg2 = 000a000f, Immediate = 0000000f, Instruction String = ori
(65) Decode stage: pc=0x00000010, instr=0x00000000 (other)
(75) Execute Stage: PC = 00000010, Instruction = 00000000, Reg1 = 000a0000, Reg2 = 000a0000, Immediate = 00000000, Instruction String = unknown
(75) Memory Stage: PC = 0000000c, Instruction = 00f4e493
(75) Writeback Stage: PC = 00000008, Instruction = 00d17213
(75) Decode stage: pc=0x00000014, instr=0x00000000 (other)
(85) Writeback Stage: PC = 0000000c, Instruction = 00f4e493
(85) Memory Stage: PC = 00000010, Instruction = 00000000
(85) Execute Stage: PC = 00000014, Instruction = 00000000, Reg1 = 000a0000, Reg2 = 000a0000, Immediate = 00000000, Instruction String = unknown
(85) Decode stage: pc=0x00000018, instr=0x00000000 (other)
(95) Execute Stage: PC = 00000018, Instruction = 00000000, Reg1 = 000a0000, Reg2 = 000a0000, Immediate = 00000000, Instruction String = unknown
(95) Memory Stage: PC = 00000014, Instruction = 00000000
(95) Writeback Stage: PC = 00000010, Instruction = 00000000
(95) Decode stage: pc=0x0000001c, instr=0x00000000 (other)
(105) Writeback Stage: PC = 00000014, Instruction = 00000000
(105) Memory Stage: PC = 00000018, Instruction = 00000000
(105) Execute Stage: PC = 0000001c, Instruction = 00000000, Reg1 = 000a0000, Reg2 = 000a0000, Immediate = 00000000, Instruction String = unknown
(105) Decode stage: pc=0x00000020, instr=0x00000000 (other)
(115) Execute Stage: PC = 00000020, Instruction = 00000000, Reg1 = 000a0000, Reg2 = 000a0000, Immediate = 00000000, Instruction String = unknown
(115) Memory Stage: PC = 0000001c, Instruction = 00000000
(115) Writeback Stage: PC = 00000018, Instruction = 00000000
(115) Decode stage: pc=0x00000024, instr=0x00000000 (other)
(125) Writeback Stage: PC = 0000001c, Instruction = 00000000
(125) Memory Stage: PC = 00000020, Instruction = 00000000
(125) Execute Stage: PC = 00000024, Instruction = 00000000, Reg1 = 000a0000, Reg2 = 000a0000, Immediate = 00000000, Instruction String = unknown
(125) Decode stage: pc=0x00000028, instr=0x00000000 (other)
(135) Execute Stage: PC = 00000028, Instruction = 00000000, Reg1 = 000a0000, Reg2 = 000a0000, Immediate = 00000000, Instruction String = unknown
(135) Memory Stage: PC = 00000024, Instruction = 00000000
(135) Writeback Stage: PC = 00000020, Instruction = 00000000
(135) Decode stage: pc=0x0000002c, instr=0x00000000 (other)
(145) Writeback Stage: PC = 00000024, Instruction = 00000000
(145) Memory Stage: PC = 00000028, Instruction = 00000000
(145) Execute Stage: PC = 0000002c, Instruction = 00000000, Reg1 = 000a0000, Reg2 = 000a0000, Immediate = 00000000, Instruction String = unknown
(145) Decode stage: pc=0x00000030, instr=0x00000000 (other)
(155) Execute Stage: PC = 00000030, Instruction = 00000000, Reg1 = 000a0000, Reg2 = 000a0000, Immediate = 00000000, Instruction String = unknown
(155) Memory Stage: PC = 0000002c, Instruction = 00000000
(155) Writeback Stage: PC = 00000028, Instruction = 00000000
(155) Decode stage: pc=0x00000034, instr=0x00000000 (other)
(165) Writeback Stage: PC = 0000002c, Instruction = 00000000
(165) Memory Stage: PC = 00000030, Instruction = 00000000
(165) Execute Stage: PC = 00000034, Instruction = 00000000, Reg1 = 000a0000, Reg2 = 000a0000, Immediate = 00000000, Instruction String = unknown
(165) Decode stage: pc=0x00000038, instr=0x00000000 (other)
(175) Execute Stage: PC = 00000038, Instruction = 00000000, Reg1 = 000a0000, Reg2 = 000a0000, Immediate = 00000000, Instruction String = unknown
(175) Memory Stage: PC = 00000034, Instruction = 00000000
(175) Writeback Stage: PC = 00000030, Instruction = 00000000
(175) Decode stage: pc=0x0000003c, instr=0x00000000 (other)
(185) Writeback Stage: PC = 00000034, Instruction = 00000000
(185) Memory Stage: PC = 00000038, Instruction = 00000000
(185) Execute Stage: PC = 0000003c, Instruction = 00000000, Reg1 = 000a0000, Reg2 = 000a0000, Immediate = 00000000, Instruction String = unknown
(185) Decode stage: pc=0x00000040, instr=0x00000000 (other)
(195) Execute Stage: PC = 00000040, Instruction = 00000000, Reg1 = 000a0000, Reg2 = 000a0000, Immediate = 00000000, Instruction String = unknown
(195) Memory Stage: PC = 0000003c, Instruction = 00000000
(195) Writeback Stage: PC = 00000038, Instruction = 00000000
(195) Decode stage: pc=0x00000044, instr=0x00000000 (other)
(205) Writeback Stage: PC = 0000003c, Instruction = 00000000
(205) Memory Stage: PC = 00000040, Instruction = 00000000
(205) Execute Stage: PC = 00000044, Instruction = 00000000, Reg1 = 000a0000, Reg2 = 000a0000, Immediate = 00000000, Instruction String = unknown
(205) Decode stage: pc=0x00000048, instr=0x00000000 (other)
(215) Execute Stage: PC = 00000048, Instruction = 00000000, Reg1 = 000a0000, Reg2 = 000a0000, Immediate = 00000000, Instruction String = unknown
(215) Memory Stage: PC = 00000044, Instruction = 00000000
(215) Writeback Stage: PC = 00000040, Instruction = 00000000
(215) Decode stage: pc=0x0000004c, instr=0x00000000 (other)
(225) Writeback Stage: PC = 00000044, Instruction = 00000000
(225) Memory Stage: PC = 00000048, Instruction = 00000000
(225) Execute Stage: PC = 0000004c, Instruction = 00000000, Reg1 = 000a0000, Reg2 = 000a0000, Immediate = 00000000, Instruction String = unknown
(225) Decode stage: pc=0x00000050, instr=0x00000000 (other)
(235) Execute Stage: PC = 00000050, Instruction = 00000000, Reg1 = 000a0000, Reg2 = 000a0000, Immediate = 00000000, Instruction String = unknown
(235) Memory Stage: PC = 0000004c, Instruction = 00000000
(235) Writeback Stage: PC = 00000048, Instruction = 00000000
(235) Decode stage: pc=0x00000054, instr=0x00000000 (other)
(245) Writeback Stage: PC = 0000004c, Instruction = 00000000
(245) Memory Stage: PC = 00000050, Instruction = 00000000
(245) Execute Stage: PC = 00000054, Instruction = 00000000, Reg1 = 000a0000, Reg2 = 000a0000, Immediate = 00000000, Instruction String = unknown
(245) Decode stage: pc=0x00000058, instr=0x00000000 (other)
(255) Execute Stage: PC = 00000058, Instruction = 00000000, Reg1 = 000a0000, Reg2 = 000a0000, Immediate = 00000000, Instruction String = unknown
(255) Memory Stage: PC = 00000054, Instruction = 00000000
(255) Writeback Stage: PC = 00000050, Instruction = 00000000
(255) Decode stage: pc=0x0000005c, instr=0x00000000 (other)
(265) Writeback Stage: PC = 00000054, Instruction = 00000000
(265) Memory Stage: PC = 00000058, Instruction = 00000000
(265) Execute Stage: PC = 0000005c, Instruction = 00000000, Reg1 = 000a0000, Reg2 = 000a0000, Immediate = 00000000, Instruction String = unknown
(265) Decode stage: pc=0x00000060, instr=0x00000000 (other)
(275) Execute Stage: PC = 00000060, Instruction = 00000000, Reg1 = 000a0000, Reg2 = 000a0000, Immediate = 00000000, Instruction String = unknown
(275) Memory Stage: PC = 0000005c, Instruction = 00000000
(275) Writeback Stage: PC = 00000058, Instruction = 00000000
(275) Decode stage: pc=0x00000064, instr=0x00000000 (other)
(285) Writeback Stage: PC = 0000005c, Instruction = 00000000
(285) Memory Stage: PC = 00000060, Instruction = 00000000
(285) Execute Stage: PC = 00000064, Instruction = 00000000, Reg1 = 000a0000, Reg2 = 000a0000, Immediate = 00000000, Instruction String = unknown
(285) Decode stage: pc=0x00000068, instr=0x00000000 (other)
(295) Execute Stage: PC = 00000068, Instruction = 00000000, Reg1 = 000a0000, Reg2 = 000a0000, Immediate = 00000000, Instruction String = unknown
(295) Memory Stage: PC = 00000064, Instruction = 00000000
(295) Writeback Stage: PC = 00000060, Instruction = 00000000
(295) Decode stage: pc=0x0000006c, instr=0x00000000 (other)
(305) Writeback Stage: PC = 00000064, Instruction = 00000000
(305) Memory Stage: PC = 00000068, Instruction = 00000000
(305) Execute Stage: PC = 0000006c, Instruction = 00000000, Reg1 = 000a0000, Reg2 = 000a0000, Immediate = 00000000, Instruction String = unknown
(305) Decode stage: pc=0x00000070, instr=0x00000000 (other)
(315) Execute Stage: PC = 00000070, Instruction = 00000000, Reg1 = 000a0000, Reg2 = 000a0000, Immediate = 00000000, Instruction String = unknown
(315) Memory Stage: PC = 0000006c, Instruction = 00000000
(315) Writeback Stage: PC = 00000068, Instruction = 00000000
(315) Decode stage: pc=0x00000074, instr=0x00000000 (other)
(325) Writeback Stage: PC = 0000006c, Instruction = 00000000
(325) Memory Stage: PC = 00000070, Instruction = 00000000
(325) Execute Stage: PC = 00000074, Instruction = 00000000, Reg1 = 000a0000, Reg2 = 000a0000, Immediate = 00000000, Instruction String = unknown
(325) Decode stage: pc=0x00000078, instr=0x00000000 (other)
(335) Execute Stage: PC = 00000078, Instruction = 00000000, Reg1 = 000a0000, Reg2 = 000a0000, Immediate = 00000000, Instruction String = unknown
(335) Memory Stage: PC = 00000074, Instruction = 00000000
(335) Writeback Stage: PC = 00000070, Instruction = 00000000
(335) Decode stage: pc=0x0000007c, instr=0x00000000 (other)
(345) Writeback Stage: PC = 00000074, Instruction = 00000000
(345) Memory Stage: PC = 00000078, Instruction = 00000000
(345) Execute Stage: PC = 0000007c, Instruction = 00000000, Reg1 = 000a0000, Reg2 = 000a0000, Immediate = 00000000, Instruction String = unknown
(345) Decode stage: pc=0x00000080, instr=0x00000000 (other)
(355) Execute Stage: PC = 00000080, Instruction = 00000000, Reg1 = 000a0000, Reg2 = 000a0000, Immediate = 00000000, Instruction String = unknown
(355) Memory Stage: PC = 0000007c, Instruction = 00000000
(355) Writeback Stage: PC = 00000078, Instruction = 00000000
(355) Decode stage: pc=0x00000084, instr=0x00000000 (other)
(365) Writeback Stage: PC = 0000007c, Instruction = 00000000
(365) Memory Stage: PC = 00000080, Instruction = 00000000
(365) Execute Stage: PC = 00000084, Instruction = 00000000, Reg1 = 000a0000, Reg2 = 000a0000, Immediate = 00000000, Instruction String = unknown
(365) Decode stage: pc=0x00000088, instr=0x00000000 (other)
(375) Execute Stage: PC = 00000088, Instruction = 00000000, Reg1 = 000a0000, Reg2 = 000a0000, Immediate = 00000000, Instruction String = unknown
(375) Memory Stage: PC = 00000084, Instruction = 00000000
(375) Writeback Stage: PC = 00000080, Instruction = 00000000
(375) Decode stage: pc=0x0000008c, instr=0x00000000 (other)
(385) Writeback Stage: PC = 00000084, Instruction = 00000000
(385) Memory Stage: PC = 00000088, Instruction = 00000000
(385) Execute Stage: PC = 0000008c, Instruction = 00000000, Reg1 = 000a0000, Reg2 = 000a0000, Immediate = 00000000, Instruction String = unknown
(385) Decode stage: pc=0x00000090, instr=0x00000000 (other)
(395) Execute Stage: PC = 00000090, Instruction = 00000000, Reg1 = 000a0000, Reg2 = 000a0000, Immediate = 00000000, Instruction String = unknown
(395) Memory Stage: PC = 0000008c, Instruction = 00000000
(395) Writeback Stage: PC = 00000088, Instruction = 00000000
(395) Decode stage: pc=0x00000094, instr=0x00000000 (other)
(405) Writeback Stage: PC = 0000008c, Instruction = 00000000
(405) Memory Stage: PC = 00000090, Instruction = 00000000
(405) Execute Stage: PC = 00000094, Instruction = 00000000, Reg1 = 000a0000, Reg2 = 000a0000, Immediate = 00000000, Instruction String = unknown
(405) Decode stage: pc=0x00000098, instr=0x00000000 (other)
(415) Execute Stage: PC = 00000098, Instruction = 00000000, Reg1 = 000a0000, Reg2 = 000a0000, Immediate = 00000000, Instruction String = unknown
(415) Memory Stage: PC = 00000094, Instruction = 00000000
(415) Writeback Stage: PC = 00000090, Instruction = 00000000
(415) Decode stage: pc=0x0000009c, instr=0x00000000 (other)
(425) Writeback Stage: PC = 00000094, Instruction = 00000000
(425) Memory Stage: PC = 00000098, Instruction = 00000000
(425) Execute Stage: PC = 0000009c, Instruction = 00000000, Reg1 = 000a0000, Reg2 = 000a0000, Immediate = 00000000, Instruction String = unknown
(425) Decode stage: pc=0x000000a0, instr=0x00000000 (other)
(435) Execute Stage: PC = 000000a0, Instruction = 00000000, Reg1 = 000a0000, Reg2 = 000a0000, Immediate = 00000000, Instruction String = unknown
(435) Memory Stage: PC = 0000009c, Instruction = 00000000
(435) Writeback Stage: PC = 00000098, Instruction = 00000000
(435) Decode stage: pc=0x000000a4, instr=0x00000000 (other)
(445) Writeback Stage: PC = 0000009c, Instruction = 00000000
(445) Memory Stage: PC = 000000a0, Instruction = 00000000
(445) Execute Stage: PC = 000000a4, Instruction = 00000000, Reg1 = 000a0000, Reg2 = 000a0000, Immediate = 00000000, Instruction String = unknown
(445) Decode stage: pc=0x000000a8, instr=0x00000000 (other)
(455) Execute Stage: PC = 000000a8, Instruction = 00000000, Reg1 = 000a0000, Reg2 = 000a0000, Immediate = 00000000, Instruction String = unknown
(455) Memory Stage: PC = 000000a4, Instruction = 00000000
(455) Writeback Stage: PC = 000000a0, Instruction = 00000000
(455) Decode stage: pc=0x000000ac, instr=0x00000000 (other)
(465) Writeback Stage: PC = 000000a4, Instruction = 00000000
(465) Memory Stage: PC = 000000a8, Instruction = 00000000
(465) Execute Stage: PC = 000000ac, Instruction = 00000000, Reg1 = 000a0000, Reg2 = 000a0000, Immediate = 00000000, Instruction String = unknown
(465) Decode stage: pc=0x000000b0, instr=0x00000000 (other)
(475) Execute Stage: PC = 000000b0, Instruction = 00000000, Reg1 = 000a0000, Reg2 = 000a0000, Immediate = 00000000, Instruction String = unknown
(475) Memory Stage: PC = 000000ac, Instruction = 00000000
(475) Writeback Stage: PC = 000000a8, Instruction = 00000000
(475) Decode stage: pc=0x000000b4, instr=0x00000000 (other)
(485) Writeback Stage: PC = 000000ac, Instruction = 00000000
(485) Memory Stage: PC = 000000b0, Instruction = 00000000
(485) Execute Stage: PC = 000000b4, Instruction = 00000000, Reg1 = 000a0000, Reg2 = 000a0000, Immediate = 00000000, Instruction String = unknown
(485) Decode stage: pc=0x000000b8, instr=0x00000000 (other)
(495) Execute Stage: PC = 000000b8, Instruction = 00000000, Reg1 = 000a0000, Reg2 = 000a0000, Immediate = 00000000, Instruction String = unknown
(495) Memory Stage: PC = 000000b4, Instruction = 00000000
(495) Writeback Stage: PC = 000000b0, Instruction = 00000000
(495) Decode stage: pc=0x000000bc, instr=0x00000000 (other)
(505) Writeback Stage: PC = 000000b4, Instruction = 00000000
(505) Memory Stage: PC = 000000b8, Instruction = 00000000
(505) Execute Stage: PC = 000000bc, Instruction = 00000000, Reg1 = 000a0000, Reg2 = 000a0000, Immediate = 00000000, Instruction String = unknown
system_tb.sv:36: $finish called at 505 (1s)
(505) Decode stage: pc=0x000000c0, instr=0x00000000 (other)
